#-----------------------------------------------------------
# Vivado v2018.3 (64-bit)
# SW Build 2405991 on Thu Dec  6 23:38:27 MST 2018
# IP Build 2404404 on Fri Dec  7 01:43:56 MST 2018
# Start of session at: Wed Apr 22 21:01:20 2026
# Process ID: 7484
# Current directory: C:/Users/user/VivadoProjects/2018-3/2026_labs/CheparinAM/Lab4_Project_1
# Command line: vivado.exe -gui_launcher_event rodinguilauncherevent5628 C:\Users\user\VivadoProjects\2018-3\2026_labs\CheparinAM\Lab4_Project_1\Lab4.xpr
# Log file: C:/Users/user/VivadoProjects/2018-3/2026_labs/CheparinAM/Lab4_Project_1/vivado.log
# Journal file: C:/Users/user/VivadoProjects/2018-3/2026_labs/CheparinAM/Lab4_Project_1\vivado.jou
#-----------------------------------------------------------
start_gui
open_project C:/Users/user/VivadoProjects/2018-3/2026_labs/CheparinAM/Lab4_Project_1/Lab4.xpr
Scanning sources...
Finished scanning sources
INFO: [IP_Flow 19-234] Refreshing IP repositories
INFO: [IP_Flow 19-1704] No user IP repositories specified
INFO: [IP_Flow 19-2313] Loaded Vivado IP repository 'C:/Xilinx/Vivado/2018.3/data/ip'.
update_compile_order -fileset sources_1
synth_design -rtl -name rtl_1
Command: synth_design -rtl -name rtl_1
Starting synth_design
Using part: xc7z010clg400-1
Top: Lab4
---------------------------------------------------------------------------------
Starting RTL Elaboration : Time (s): cpu = 00:00:02 ; elapsed = 00:00:02 . Memory (MB): peak = 863.543 ; gain = 63.996
---------------------------------------------------------------------------------
INFO: [Synth 8-638] synthesizing module 'Lab4' [C:/Users/user/VivadoProjects/2018-3/2026_labs/CheparinAM/Lab4_Project_1/src/Lab4/Lab4.vhd:22]
	Parameter BANDWIDTH bound to: OPTIMIZED - type: string 
	Parameter CLKFBOUT_MULT_F bound to: 8.000000 - type: float 
	Parameter CLKFBOUT_PHASE bound to: 0.000000 - type: float 
	Parameter CLKIN1_PERIOD bound to: 8.000000 - type: float 
	Parameter CLKOUT0_DIVIDE_F bound to: 8.000000 - type: float 
	Parameter CLKOUT0_DUTY_CYCLE bound to: 0.500000 - type: float 
	Parameter CLKOUT0_PHASE bound to: 45.000000 - type: float 
	Parameter CLKOUT1_DIVIDE bound to: 4 - type: integer 
	Parameter CLKOUT1_DUTY_CYCLE bound to: 0.500000 - type: float 
	Parameter CLKOUT1_PHASE bound to: -90.000000 - type: float 
	Parameter CLKOUT2_DIVIDE bound to: 1 - type: integer 
	Parameter CLKOUT2_DUTY_CYCLE bound to: 0.500000 - type: float 
	Parameter CLKOUT2_PHASE bound to: 0.000000 - type: float 
	Parameter CLKOUT3_DIVIDE bound to: 1 - type: integer 
	Parameter CLKOUT3_DUTY_CYCLE bound to: 0.500000 - type: float 
	Parameter CLKOUT3_PHASE bound to: 0.000000 - type: float 
	Parameter CLKOUT4_CASCADE bound to: 0 - type: bool 
	Parameter CLKOUT4_DIVIDE bound to: 1 - type: integer 
	Parameter CLKOUT4_DUTY_CYCLE bound to: 0.500000 - type: float 
	Parameter CLKOUT4_PHASE bound to: 0.000000 - type: float 
	Parameter CLKOUT5_DIVIDE bound to: 1 - type: integer 
	Parameter CLKOUT5_DUTY_CYCLE bound to: 0.500000 - type: float 
	Parameter CLKOUT5_PHASE bound to: 0.000000 - type: float 
	Parameter CLKOUT6_DIVIDE bound to: 1 - type: integer 
	Parameter CLKOUT6_DUTY_CYCLE bound to: 0.500000 - type: float 
	Parameter CLKOUT6_PHASE bound to: 0.000000 - type: float 
	Parameter CLOCK_HOLD bound to: 0 - type: bool 
	Parameter DIVCLK_DIVIDE bound to: 1 - type: integer 
	Parameter REF_JITTER1 bound to: 0.010000 - type: float 
	Parameter STARTUP_WAIT bound to: 0 - type: bool 
INFO: [Synth 8-113] binding component instance 'clk_base' to cell 'MMCM_BASE' [C:/Users/user/VivadoProjects/2018-3/2026_labs/CheparinAM/Lab4_Project_1/src/Lab4/Lab4.vhd:37]
	Parameter CAPACITANCE bound to: DONT_CARE - type: string 
	Parameter DRIVE bound to: 12 - type: integer 
	Parameter IOSTANDARD bound to: DEFAULT - type: string 
	Parameter SLEW bound to: SLOW - type: string 
INFO: [Synth 8-113] binding component instance 'obuf_inv_clk' to cell 'OBUF' [C:/Users/user/VivadoProjects/2018-3/2026_labs/CheparinAM/Lab4_Project_1/src/Lab4/Lab4.vhd:56]
	Parameter CAPACITANCE bound to: DONT_CARE - type: string 
	Parameter DRIVE bound to: 12 - type: integer 
	Parameter IOSTANDARD bound to: DEFAULT - type: string 
	Parameter SLEW bound to: SLOW - type: string 
INFO: [Synth 8-113] binding component instance 'obuf_half_clk' to cell 'OBUF' [C:/Users/user/VivadoProjects/2018-3/2026_labs/CheparinAM/Lab4_Project_1/src/Lab4/Lab4.vhd:57]
INFO: [Synth 8-113] binding component instance 'BUFG_clk' to cell 'BUFG' [C:/Users/user/VivadoProjects/2018-3/2026_labs/CheparinAM/Lab4_Project_1/src/Lab4/Lab4.vhd:59]
	Parameter CAPACITANCE bound to: DONT_CARE - type: string 
	Parameter IBUF_DELAY_VALUE bound to: 0 - type: string 
	Parameter IBUF_LOW_PWR bound to: 1 - type: bool 
	Parameter IFD_DELAY_VALUE bound to: AUTO - type: string 
	Parameter IOSTANDARD bound to: DEFAULT - type: string 
INFO: [Synth 8-113] binding component instance 'reset_ibuf' to cell 'IBUF' [C:/Users/user/VivadoProjects/2018-3/2026_labs/CheparinAM/Lab4_Project_1/src/Lab4/Lab4.vhd:61]
	Parameter CAPACITANCE bound to: DONT_CARE - type: string 
	Parameter IBUF_DELAY_VALUE bound to: 0 - type: string 
	Parameter IBUF_LOW_PWR bound to: 1 - type: bool 
	Parameter IFD_DELAY_VALUE bound to: AUTO - type: string 
	Parameter IOSTANDARD bound to: DEFAULT - type: string 
INFO: [Synth 8-113] binding component instance 'start_ibuf' to cell 'IBUF' [C:/Users/user/VivadoProjects/2018-3/2026_labs/CheparinAM/Lab4_Project_1/src/Lab4/Lab4.vhd:62]
	Parameter INIT bound to: 16'b0000000000000000 
	Parameter IS_CLK_INVERTED bound to: 1'b0 
INFO: [Synth 8-113] binding component instance 'use_SRL16E' to cell 'SRL16E' [C:/Users/user/VivadoProjects/2018-3/2026_labs/CheparinAM/Lab4_Project_1/src/Lab4/Lab4.vhd:65]
INFO: [Synth 8-256] done synthesizing module 'Lab4' (1#1) [C:/Users/user/VivadoProjects/2018-3/2026_labs/CheparinAM/Lab4_Project_1/src/Lab4/Lab4.vhd:22]
---------------------------------------------------------------------------------
Finished RTL Elaboration : Time (s): cpu = 00:00:02 ; elapsed = 00:00:02 . Memory (MB): peak = 906.980 ; gain = 107.434
---------------------------------------------------------------------------------

Report Check Netlist: 
+------+------------------+-------+---------+-------+------------------+
|      |Item              |Errors |Warnings |Status |Description       |
+------+------------------+-------+---------+-------+------------------+
|1     |multi_driven_nets |      0|        0|Passed |Multi driven nets |
+------+------------------+-------+---------+-------+------------------+
---------------------------------------------------------------------------------
Start Handling Custom Attributes
---------------------------------------------------------------------------------
---------------------------------------------------------------------------------
Finished Handling Custom Attributes : Time (s): cpu = 00:00:02 ; elapsed = 00:00:02 . Memory (MB): peak = 906.980 ; gain = 107.434
---------------------------------------------------------------------------------
---------------------------------------------------------------------------------
Finished RTL Optimization Phase 1 : Time (s): cpu = 00:00:02 ; elapsed = 00:00:02 . Memory (MB): peak = 906.980 ; gain = 107.434
---------------------------------------------------------------------------------
INFO: [Netlist 29-17] Analyzing 1 Unisim elements for replacement
INFO: [Netlist 29-28] Unisim Transformation completed in 0 CPU seconds
INFO: [Device 21-403] Loading part xc7z010clg400-1
INFO: [Project 1-570] Preparing netlist for logic optimization
INFO: [Opt 31-140] Inserted 1 IBUFs to IO ports without IO buffers.
INFO: [Opt 31-141] Inserted 1 OBUFs to IO ports without IO buffers.

Processing XDC Constraints
Initializing timing engine
Parsing XDC File [C:/Users/user/VivadoProjects/2018-3/2026_labs/CheparinAM/Lab4_Project_1/src/Lab4/Zybo_board.xdc]
Finished Parsing XDC File [C:/Users/user/VivadoProjects/2018-3/2026_labs/CheparinAM/Lab4_Project_1/src/Lab4/Zybo_board.xdc]
Completed Processing XDC Constraints

INFO: [Opt 31-138] Pushed 0 inverter(s) to 0 load pin(s).
Netlist sorting complete. Time (s): cpu = 00:00:00 ; elapsed = 00:00:00 . Memory (MB): peak = 1203.266 ; gain = 0.000
INFO: [Project 1-111] Unisim Transformation Summary:
  A total of 1 instances were transformed.
  MMCM_BASE => MMCME2_ADV: 1 instances

RTL Elaboration Complete:  : Time (s): cpu = 00:00:10 ; elapsed = 00:00:11 . Memory (MB): peak = 1283.555 ; gain = 484.008
17 Infos, 0 Warnings, 0 Critical Warnings and 0 Errors encountered.
synth_design completed successfully
synth_design: Time (s): cpu = 00:00:10 ; elapsed = 00:00:11 . Memory (MB): peak = 1283.555 ; gain = 484.008
close_design
launch_simulation -simset [get_filesets sim_2 ]
INFO: [Vivado 12-5682] Launching behavioral simulation in 'C:/Users/user/VivadoProjects/2018-3/2026_labs/CheparinAM/Lab4_Project_1/Lab4.sim/sim_2/behav/xsim'
INFO: [SIM-utils-51] Simulation object is 'sim_2'
INFO: [SIM-utils-54] Inspecting design source files for 'Lab4_tb' in fileset 'sim_2'...
INFO: [USF-XSim-97] Finding global include files...
INFO: [USF-XSim-98] Fetching design files from 'sim_2'...
INFO: [USF-XSim-2] XSim::Compile design
INFO: [USF-XSim-61] Executing 'COMPILE and ANALYZE' step in 'C:/Users/user/VivadoProjects/2018-3/2026_labs/CheparinAM/Lab4_Project_1/Lab4.sim/sim_2/behav/xsim'
"xvhdl --incr --relax -prj Lab4_tb_vhdl.prj"
INFO: [VRFC 10-163] Analyzing VHDL file "C:/Users/user/VivadoProjects/2018-3/2026_labs/CheparinAM/Lab4_Project_1/src/Lab4/Lab4.vhd" into library xil_defaultlib
INFO: [VRFC 10-3107] analyzing entity 'Lab4'
INFO: [VRFC 10-163] Analyzing VHDL file "C:/Users/user/VivadoProjects/2018-3/2026_labs/CheparinAM/Lab4_Project_1/src/Lab4_tb/Lab4_tb.vhd" into library xil_defaultlib
INFO: [VRFC 10-3107] analyzing entity 'Lab4_tb'
INFO: [USF-XSim-69] 'compile' step finished in '2' seconds
INFO: [USF-XSim-3] XSim::Elaborate design
INFO: [USF-XSim-61] Executing 'ELABORATE' step in 'C:/Users/user/VivadoProjects/2018-3/2026_labs/CheparinAM/Lab4_Project_1/Lab4.sim/sim_2/behav/xsim'
Vivado Simulator 2018.3
Copyright 1986-1999, 2001-2018 Xilinx, Inc. All Rights Reserved.
Running: C:/Xilinx/Vivado/2018.3/bin/unwrapped/win64.o/xelab.exe -wto 322c61fd50924afc90817758edcd7c5f --incr --debug typical --relax --mt 2 -L xil_defaultlib -L secureip --snapshot Lab4_tb_behav xil_defaultlib.Lab4_tb -log elaborate.log 
Using 2 slave threads.
Starting static elaboration
ERROR: [VRFC 10-718] formal port <counter> does not exist in entity <Lab4>.  Please compare the definition of block <Lab4> to its component declaration and its instantion to detect the mismatch. [C:/Users/user/VivadoProjects/2018-3/2026_labs/CheparinAM/Lab4_Project_1/src/Lab4_tb/Lab4_tb.vhd:13]
ERROR: [XSIM 43-3321] Static elaboration of top level VHDL design unit lab4_tb in library work failed.
INFO: [USF-XSim-69] 'elaborate' step finished in '1' seconds
INFO: [USF-XSim-99] Step results log file:'C:/Users/user/VivadoProjects/2018-3/2026_labs/CheparinAM/Lab4_Project_1/Lab4.sim/sim_2/behav/xsim/elaborate.log'
ERROR: [USF-XSim-62] 'elaborate' step failed with error(s). Please check the Tcl console output or 'C:/Users/user/VivadoProjects/2018-3/2026_labs/CheparinAM/Lab4_Project_1/Lab4.sim/sim_2/behav/xsim/elaborate.log' file for more information.
ERROR: [Vivado 12-4473] Detected error while running simulation. Please correct the issue and retry this operation.
ERROR: [Common 17-39] 'launch_simulation' failed due to earlier errors.
reset_run synth_1
launch_runs synth_1 -jobs 8
[Wed Apr 22 21:05:34 2026] Launched synth_1...
Run output will be captured here: C:/Users/user/VivadoProjects/2018-3/2026_labs/CheparinAM/Lab4_Project_1/Lab4.runs/synth_1/runme.log
synth_design -rtl -name rtl_1
Command: synth_design -rtl -name rtl_1
Starting synth_design
Using part: xc7z010clg400-1
Top: Lab4
---------------------------------------------------------------------------------
Starting RTL Elaboration : Time (s): cpu = 00:00:02 ; elapsed = 00:00:02 . Memory (MB): peak = 1866.738 ; gain = 0.000
---------------------------------------------------------------------------------
INFO: [Synth 8-638] synthesizing module 'Lab4' [C:/Users/user/VivadoProjects/2018-3/2026_labs/CheparinAM/Lab4_Project_1/src/Lab4/Lab4.vhd:22]
	Parameter BANDWIDTH bound to: OPTIMIZED - type: string 
	Parameter CLKFBOUT_MULT_F bound to: 8.000000 - type: float 
	Parameter CLKFBOUT_PHASE bound to: 0.000000 - type: float 
	Parameter CLKIN1_PERIOD bound to: 8.000000 - type: float 
	Parameter CLKOUT0_DIVIDE_F bound to: 8.000000 - type: float 
	Parameter CLKOUT0_DUTY_CYCLE bound to: 0.500000 - type: float 
	Parameter CLKOUT0_PHASE bound to: 45.000000 - type: float 
	Parameter CLKOUT1_DIVIDE bound to: 4 - type: integer 
	Parameter CLKOUT1_DUTY_CYCLE bound to: 0.500000 - type: float 
	Parameter CLKOUT1_PHASE bound to: -90.000000 - type: float 
	Parameter CLKOUT2_DIVIDE bound to: 1 - type: integer 
	Parameter CLKOUT2_DUTY_CYCLE bound to: 0.500000 - type: float 
	Parameter CLKOUT2_PHASE bound to: 0.000000 - type: float 
	Parameter CLKOUT3_DIVIDE bound to: 1 - type: integer 
	Parameter CLKOUT3_DUTY_CYCLE bound to: 0.500000 - type: float 
	Parameter CLKOUT3_PHASE bound to: 0.000000 - type: float 
	Parameter CLKOUT4_CASCADE bound to: 0 - type: bool 
	Parameter CLKOUT4_DIVIDE bound to: 1 - type: integer 
	Parameter CLKOUT4_DUTY_CYCLE bound to: 0.500000 - type: float 
	Parameter CLKOUT4_PHASE bound to: 0.000000 - type: float 
	Parameter CLKOUT5_DIVIDE bound to: 1 - type: integer 
	Parameter CLKOUT5_DUTY_CYCLE bound to: 0.500000 - type: float 
	Parameter CLKOUT5_PHASE bound to: 0.000000 - type: float 
	Parameter CLKOUT6_DIVIDE bound to: 1 - type: integer 
	Parameter CLKOUT6_DUTY_CYCLE bound to: 0.500000 - type: float 
	Parameter CLKOUT6_PHASE bound to: 0.000000 - type: float 
	Parameter CLOCK_HOLD bound to: 0 - type: bool 
	Parameter DIVCLK_DIVIDE bound to: 1 - type: integer 
	Parameter REF_JITTER1 bound to: 0.010000 - type: float 
	Parameter STARTUP_WAIT bound to: 0 - type: bool 
INFO: [Synth 8-113] binding component instance 'clk_base' to cell 'MMCM_BASE' [C:/Users/user/VivadoProjects/2018-3/2026_labs/CheparinAM/Lab4_Project_1/src/Lab4/Lab4.vhd:37]
	Parameter CAPACITANCE bound to: DONT_CARE - type: string 
	Parameter DRIVE bound to: 12 - type: integer 
	Parameter IOSTANDARD bound to: DEFAULT - type: string 
	Parameter SLEW bound to: SLOW - type: string 
INFO: [Synth 8-113] binding component instance 'obuf_inv_clk' to cell 'OBUF' [C:/Users/user/VivadoProjects/2018-3/2026_labs/CheparinAM/Lab4_Project_1/src/Lab4/Lab4.vhd:56]
	Parameter CAPACITANCE bound to: DONT_CARE - type: string 
	Parameter DRIVE bound to: 12 - type: integer 
	Parameter IOSTANDARD bound to: DEFAULT - type: string 
	Parameter SLEW bound to: SLOW - type: string 
INFO: [Synth 8-113] binding component instance 'obuf_half_clk' to cell 'OBUF' [C:/Users/user/VivadoProjects/2018-3/2026_labs/CheparinAM/Lab4_Project_1/src/Lab4/Lab4.vhd:57]
INFO: [Synth 8-113] binding component instance 'BUFG_clk' to cell 'BUFG' [C:/Users/user/VivadoProjects/2018-3/2026_labs/CheparinAM/Lab4_Project_1/src/Lab4/Lab4.vhd:59]
	Parameter CAPACITANCE bound to: DONT_CARE - type: string 
	Parameter IBUF_DELAY_VALUE bound to: 0 - type: string 
	Parameter IBUF_LOW_PWR bound to: 1 - type: bool 
	Parameter IFD_DELAY_VALUE bound to: AUTO - type: string 
	Parameter IOSTANDARD bound to: DEFAULT - type: string 
INFO: [Synth 8-113] binding component instance 'reset_ibuf' to cell 'IBUF' [C:/Users/user/VivadoProjects/2018-3/2026_labs/CheparinAM/Lab4_Project_1/src/Lab4/Lab4.vhd:61]
	Parameter CAPACITANCE bound to: DONT_CARE - type: string 
	Parameter IBUF_DELAY_VALUE bound to: 0 - type: string 
	Parameter IBUF_LOW_PWR bound to: 1 - type: bool 
	Parameter IFD_DELAY_VALUE bound to: AUTO - type: string 
	Parameter IOSTANDARD bound to: DEFAULT - type: string 
INFO: [Synth 8-113] binding component instance 'start_ibuf' to cell 'IBUF' [C:/Users/user/VivadoProjects/2018-3/2026_labs/CheparinAM/Lab4_Project_1/src/Lab4/Lab4.vhd:62]
	Parameter INIT bound to: 16'b0000000000000000 
	Parameter IS_CLK_INVERTED bound to: 1'b0 
INFO: [Synth 8-113] binding component instance 'use_SRL16E' to cell 'SRL16E' [C:/Users/user/VivadoProjects/2018-3/2026_labs/CheparinAM/Lab4_Project_1/src/Lab4/Lab4.vhd:65]
INFO: [Synth 8-256] done synthesizing module 'Lab4' (1#1) [C:/Users/user/VivadoProjects/2018-3/2026_labs/CheparinAM/Lab4_Project_1/src/Lab4/Lab4.vhd:22]
---------------------------------------------------------------------------------
Finished RTL Elaboration : Time (s): cpu = 00:00:02 ; elapsed = 00:00:03 . Memory (MB): peak = 1866.738 ; gain = 0.000
---------------------------------------------------------------------------------

Report Check Netlist: 
+------+------------------+-------+---------+-------+------------------+
|      |Item              |Errors |Warnings |Status |Description       |
+------+------------------+-------+---------+-------+------------------+
|1     |multi_driven_nets |      0|        0|Passed |Multi driven nets |
+------+------------------+-------+---------+-------+------------------+
---------------------------------------------------------------------------------
Start Handling Custom Attributes
---------------------------------------------------------------------------------
---------------------------------------------------------------------------------
Finished Handling Custom Attributes : Time (s): cpu = 00:00:02 ; elapsed = 00:00:03 . Memory (MB): peak = 1866.738 ; gain = 0.000
---------------------------------------------------------------------------------
---------------------------------------------------------------------------------
Finished RTL Optimization Phase 1 : Time (s): cpu = 00:00:02 ; elapsed = 00:00:03 . Memory (MB): peak = 1866.738 ; gain = 0.000
---------------------------------------------------------------------------------
INFO: [Netlist 29-17] Analyzing 1 Unisim elements for replacement
INFO: [Netlist 29-28] Unisim Transformation completed in 0 CPU seconds
INFO: [Project 1-570] Preparing netlist for logic optimization
INFO: [Opt 31-140] Inserted 1 IBUFs to IO ports without IO buffers.
INFO: [Opt 31-141] Inserted 1 OBUFs to IO ports without IO buffers.

Processing XDC Constraints
Initializing timing engine
Parsing XDC File [C:/Users/user/VivadoProjects/2018-3/2026_labs/CheparinAM/Lab4_Project_1/src/Lab4/Zybo_board.xdc]
Finished Parsing XDC File [C:/Users/user/VivadoProjects/2018-3/2026_labs/CheparinAM/Lab4_Project_1/src/Lab4/Zybo_board.xdc]
Completed Processing XDC Constraints

INFO: [Opt 31-138] Pushed 0 inverter(s) to 0 load pin(s).
Netlist sorting complete. Time (s): cpu = 00:00:00 ; elapsed = 00:00:00.001 . Memory (MB): peak = 1866.738 ; gain = 0.000
INFO: [Project 1-111] Unisim Transformation Summary:
  A total of 1 instances were transformed.
  MMCM_BASE => MMCME2_ADV: 1 instances

RTL Elaboration Complete:  : Time (s): cpu = 00:00:04 ; elapsed = 00:00:05 . Memory (MB): peak = 1866.738 ; gain = 0.000
16 Infos, 0 Warnings, 0 Critical Warnings and 0 Errors encountered.
synth_design completed successfully
close_design
launch_runs impl_1 -jobs 8
[Wed Apr 22 21:08:44 2026] Launched impl_1...
Run output will be captured here: C:/Users/user/VivadoProjects/2018-3/2026_labs/CheparinAM/Lab4_Project_1/Lab4.runs/impl_1/runme.log
update_compile_order -fileset sources_1
close_project
exit
INFO: [Common 17-206] Exiting Vivado at Wed Apr 22 21:21:46 2026...
